[0.000000] (-) TimerEvent: {}
[0.000139] (r_gator_teleop) JobQueued: {'identifier': 'r_gator_teleop', 'dependencies': OrderedDict()}
[0.000529] (r_gator_teleop) JobStarted: {'identifier': 'r_gator_teleop'}
[0.080338] (r_gator_teleop) JobProgress: {'identifier': 'r_gator_teleop', 'progress': 'cmake'}
[0.081002] (r_gator_teleop) JobProgress: {'identifier': 'r_gator_teleop', 'progress': 'build'}
[0.081729] (r_gator_teleop) Command: {'cmd': ['/usr/local/bin/cmake', '--build', '/home/samee/ros2ws/build/r_gator_teleop', '--', '-j12', '-l12'], 'cwd': '/home/samee/ros2ws/build/r_gator_teleop', 'env': OrderedDict([('LESSOPEN', '| /usr/bin/lesspipe %s'), ('KDE_FULL_SESSION', 'true'), ('RCLCPP_INCLUDE_DIR', '/opt/ros/humble/share/rclcpp/cmake/'), ('USER', 'samee'), ('XDG_SEAT', 'seat0'), ('SSH_AGENT_PID', '1592'), ('ROS_PACKAGE_PATH', '/opt/ros/humble/lib/'), ('XDG_SESSION_TYPE', 'x11'), ('GIT_ASKPASS', '/usr/share/code/resources/app/extensions/git/dist/askpass.sh'), ('XCURSOR_SIZE', '24'), ('SHLVL', '1'), ('LD_LIBRARY_PATH', '/opt/ros/humble/opt/rviz_ogre_vendor/lib:/opt/ros/humble/lib/x86_64-linux-gnu:/opt/ros/humble/lib'), ('HOME', '/home/samee'), ('CHROME_DESKTOP', 'code-url-handler.desktop'), ('KDE_APPLICATIONS_AS_SCOPE', '1'), ('OLDPWD', '/home/samee/ros2ws/src'), ('TERM_PROGRAM_VERSION', '1.84.0'), ('DESKTOP_SESSION', 'plasma'), ('ROS_PYTHON_VERSION', '3'), ('GTK_RC_FILES', '/etc/gtk/gtkrc:/home/samee/.gtkrc:/home/samee/.config/gtkrc'), ('XDG_SEAT_PATH', '/org/freedesktop/DisplayManager/Seat0'), ('KDE_SESSION_VERSION', '5'), ('VSCODE_GIT_ASKPASS_MAIN', '/usr/share/code/resources/app/extensions/git/dist/askpass-main.js'), ('VSCODE_GIT_ASKPASS_NODE', '/usr/share/code/code'), ('SYSTEMD_EXEC_PID', '1459'), ('DBUS_SESSION_BUS_ADDRESS', 'unix:path=/run/user/1000/bus'), ('COLORTERM', 'truecolor'), ('IM_CONFIG_PHASE', '1'), ('ROS_DISTRO', 'humble'), ('LOGNAME', 'samee'), ('QT_AUTO_SCREEN_SCALE_FACTOR', '0'), ('_', '/usr/bin/colcon'), ('ROS_VERSION', '2'), ('XDG_SESSION_CLASS', 'user'), ('TERM', 'xterm-256color'), ('XDG_SESSION_ID', '1'), ('ROS_LOCALHOST_ONLY', '0'), ('GTK2_RC_FILES', '/etc/gtk-2.0/gtkrc:/home/samee/.gtkrc-2.0:/home/samee/.config/gtkrc-2.0'), ('PATH', '/opt/ros/humble/share/rclcpp/cmake:/home/samee/.local/bin:/opt/ros/humble/bin:/home/samee/.local/bin:/usr/local/sbin:/usr/local/bin:/usr/sbin:/usr/bin:/sbin:/bin:/usr/games:/usr/local/games:/snap/bin'), ('SESSION_MANAGER', 'local/MSI:@/tmp/.ICE-unix/1815,unix/MSI:/tmp/.ICE-unix/1815'), ('XDG_SESSION_PATH', '/org/freedesktop/DisplayManager/Session0'), ('XDG_RUNTIME_DIR', '/run/user/1000'), ('XCURSOR_THEME', 'PearDarkCursors'), ('GDK_BACKEND', 'x11'), ('DISPLAY', ':0'), ('LANG', 'en_US.UTF-8'), ('XDG_CURRENT_DESKTOP', 'KDE'), ('XDG_SESSION_DESKTOP', 'KDE'), ('XAUTHORITY', '/home/samee/.Xauthority'), ('LS_COLORS', 'rs=0:di=01;34:ln=01;36:mh=00:pi=40;33:so=01;35:do=01;35:bd=40;33;01:cd=40;33;01:or=40;31;01:mi=00:su=37;41:sg=30;43:ca=30;41:tw=30;42:ow=34;42:st=37;44:ex=01;32:*.tar=01;31:*.tgz=01;31:*.arc=01;31:*.arj=01;31:*.taz=01;31:*.lha=01;31:*.lz4=01;31:*.lzh=01;31:*.lzma=01;31:*.tlz=01;31:*.txz=01;31:*.tzo=01;31:*.t7z=01;31:*.zip=01;31:*.z=01;31:*.dz=01;31:*.gz=01;31:*.lrz=01;31:*.lz=01;31:*.lzo=01;31:*.xz=01;31:*.zst=01;31:*.tzst=01;31:*.bz2=01;31:*.bz=01;31:*.tbz=01;31:*.tbz2=01;31:*.tz=01;31:*.deb=01;31:*.rpm=01;31:*.jar=01;31:*.war=01;31:*.ear=01;31:*.sar=01;31:*.rar=01;31:*.alz=01;31:*.ace=01;31:*.zoo=01;31:*.cpio=01;31:*.7z=01;31:*.rz=01;31:*.cab=01;31:*.wim=01;31:*.swm=01;31:*.dwm=01;31:*.esd=01;31:*.jpg=01;35:*.jpeg=01;35:*.mjpg=01;35:*.mjpeg=01;35:*.gif=01;35:*.bmp=01;35:*.pbm=01;35:*.pgm=01;35:*.ppm=01;35:*.tga=01;35:*.xbm=01;35:*.xpm=01;35:*.tif=01;35:*.tiff=01;35:*.png=01;35:*.svg=01;35:*.svgz=01;35:*.mng=01;35:*.pcx=01;35:*.mov=01;35:*.mpg=01;35:*.mpeg=01;35:*.m2v=01;35:*.mkv=01;35:*.webm=01;35:*.webp=01;35:*.ogm=01;35:*.mp4=01;35:*.m4v=01;35:*.mp4v=01;35:*.vob=01;35:*.qt=01;35:*.nuv=01;35:*.wmv=01;35:*.asf=01;35:*.rm=01;35:*.rmvb=01;35:*.flc=01;35:*.avi=01;35:*.fli=01;35:*.flv=01;35:*.gl=01;35:*.dl=01;35:*.xcf=01;35:*.xwd=01;35:*.yuv=01;35:*.cgm=01;35:*.emf=01;35:*.ogv=01;35:*.ogx=01;35:*.aac=00;36:*.au=00;36:*.flac=00;36:*.m4a=00;36:*.mid=00;36:*.midi=00;36:*.mka=00;36:*.mp3=00;36:*.mpc=00;36:*.ogg=00;36:*.ra=00;36:*.wav=00;36:*.oga=00;36:*.opus=00;36:*.spx=00;36:*.xspf=00;36:'), ('VSCODE_GIT_IPC_HANDLE', '/run/user/1000/vscode-git-2cdb708d59.sock'), ('TERM_PROGRAM', 'vscode'), ('SSH_AUTH_SOCK', '/tmp/ssh-XXXXXXQqe2wv/agent.1469'), ('AMENT_PREFIX_PATH', '/opt/ros/humble'), ('ORIGINAL_XDG_CURRENT_DESKTOP', 'KDE'), ('SHELL', '/bin/bash'), ('QT_ACCESSIBILITY', '1'), ('LESSCLOSE', '/usr/bin/lesspipe %s %s'), ('GPG_AGENT_INFO', '/run/user/1000/gnupg/S.gpg-agent:0:1'), ('VSCODE_GIT_ASKPASS_EXTRA_ARGS', '--ms-enable-electron-run-as-node'), ('XDG_VTNR', '1'), ('PWD', '/home/samee/ros2ws/build/r_gator_teleop'), ('XDG_CONFIG_DIRS', '/home/samee/.config/kdedefaults:/etc/xdg/xdg-plasma:/etc/xdg:/usr/share/kubuntu-default-settings/kf5-settings'), ('XDG_DATA_DIRS', '/usr/share/plasma:/usr/local/share:/usr/share:/var/lib/snapd/desktop'), ('PYTHONPATH', '/opt/ros/humble/lib/python3.10/site-packages:/opt/ros/humble/local/lib/python3.10/dist-packages'), ('KDE_SESSION_UID', '1000'), ('COLCON', '1'), ('CMAKE_PREFIX_PATH', '/opt/ros/humble/share/rclcpp/cmake')]), 'shell': False}
[0.098601] (r_gator_teleop) StdoutLine: {'line': b'-- Found ament_cmake: 1.3.5 (/opt/ros/humble/share/ament_cmake/cmake)\n'}
[0.099186] (-) TimerEvent: {}
[0.199489] (-) TimerEvent: {}
[0.299872] (-) TimerEvent: {}
[0.371679] (r_gator_teleop) StdoutLine: {'line': b'-- Found geometry_msgs: 4.2.3 (/opt/ros/humble/share/geometry_msgs/cmake)\n'}
[0.399972] (-) TimerEvent: {}
[0.412061] (r_gator_teleop) StdoutLine: {'line': b'-- Found rosidl_generator_c: 3.1.5 (/opt/ros/humble/share/rosidl_generator_c/cmake)\n'}
[0.416194] (r_gator_teleop) StdoutLine: {'line': b'-- Found rosidl_adapter: 3.1.5 (/opt/ros/humble/share/rosidl_adapter/cmake)\n'}
[0.428508] (r_gator_teleop) StdoutLine: {'line': b'-- Found rosidl_generator_cpp: 3.1.5 (/opt/ros/humble/share/rosidl_generator_cpp/cmake)\n'}
[0.447869] (r_gator_teleop) StdoutLine: {'line': b'-- Using all available rosidl_typesupport_c: rosidl_typesupport_fastrtps_c;rosidl_typesupport_introspection_c\n'}
[0.477891] (r_gator_teleop) StdoutLine: {'line': b'-- Using all available rosidl_typesupport_cpp: rosidl_typesupport_fastrtps_cpp;rosidl_typesupport_introspection_cpp\n'}
[0.500234] (-) TimerEvent: {}
[0.600875] (-) TimerEvent: {}
[0.683815] (r_gator_teleop) StdoutLine: {'line': b'-- Found joy: 3.1.0 (/opt/ros/humble/share/joy/cmake)\n'}
[0.700971] (-) TimerEvent: {}
[0.774966] (r_gator_teleop) StdoutLine: {'line': b'-- Found rmw_implementation_cmake: 6.1.1 (/opt/ros/humble/share/rmw_implementation_cmake/cmake)\n'}
[0.776929] (r_gator_teleop) StdoutLine: {'line': b'-- Found rmw_fastrtps_cpp: 6.2.4 (/opt/ros/humble/share/rmw_fastrtps_cpp/cmake)\n'}
[0.801071] (-) TimerEvent: {}
[0.901389] (-) TimerEvent: {}
[0.965973] (r_gator_teleop) StdoutLine: {'line': b"-- Using RMW implementation 'rmw_fastrtps_cpp' as default\n"}
[1.001640] (-) TimerEvent: {}
[1.102045] (-) TimerEvent: {}
[1.202423] (-) TimerEvent: {}
[1.302758] (-) TimerEvent: {}
[1.403027] (-) TimerEvent: {}
[1.466290] (r_gator_teleop) StderrLine: {'line': b"Error parsing '/home/samee/ros2ws/src/r_gator_teleop/package.xml':\n"}
[1.503129] (-) TimerEvent: {}
[1.534712] (r_gator_teleop) StderrLine: {'line': b'Traceback (most recent call last):\n'}
[1.534916] (r_gator_teleop) StderrLine: {'line': b'  File "/usr/lib/python3/dist-packages/catkin_pkg/package.py", line 610, in parse_package_string\n'}
[1.545928] (r_gator_teleop) StderrLine: {'line': b'    root = dom.parseString(data)\n'}
[1.546238] (r_gator_teleop) StderrLine: {'line': b'  File "/usr/lib/python3.10/xml/dom/minidom.py", line 2000, in parseString\n'}
[1.547071] (r_gator_teleop) StderrLine: {'line': b'    return expatbuilder.parseString(string)\n'}
[1.547201] (r_gator_teleop) StderrLine: {'line': b'  File "/usr/lib/python3.10/xml/dom/expatbuilder.py", line 925, in parseString\n'}
[1.547911] (r_gator_teleop) StderrLine: {'line': b'    return builder.parseString(string)\n'}
[1.548048] (r_gator_teleop) StderrLine: {'line': b'  File "/usr/lib/python3.10/xml/dom/expatbuilder.py", line 223, in parseString\n'}
[1.548260] (r_gator_teleop) StderrLine: {'line': b'    parser.Parse(string, True)\n'}
[1.548416] (r_gator_teleop) StderrLine: {'line': b'xml.parsers.expat.ExpatError: mismatched tag: line 64, column 2\n'}
[1.548503] (r_gator_teleop) StderrLine: {'line': b'\n'}
[1.548582] (r_gator_teleop) StderrLine: {'line': b'During handling of the above exception, another exception occurred:\n'}
[1.548671] (r_gator_teleop) StderrLine: {'line': b'\n'}
[1.548777] (r_gator_teleop) StderrLine: {'line': b'Traceback (most recent call last):\n'}
[1.548892] (r_gator_teleop) StderrLine: {'line': b'  File "/opt/ros/humble/share/ament_cmake_core/cmake/core/package_xml_2_cmake.py", line 150, in <module>\n'}
[1.549007] (r_gator_teleop) StderrLine: {'line': b'    main()\n'}
[1.549123] (r_gator_teleop) StderrLine: {'line': b'  File "/opt/ros/humble/share/ament_cmake_core/cmake/core/package_xml_2_cmake.py", line 53, in main\n'}
[1.549238] (r_gator_teleop) StderrLine: {'line': b'    raise e\n'}
[1.549338] (r_gator_teleop) StderrLine: {'line': b'  File "/opt/ros/humble/share/ament_cmake_core/cmake/core/package_xml_2_cmake.py", line 49, in main\n'}
[1.549420] (r_gator_teleop) StderrLine: {'line': b'    package = parse_package_string(\n'}
[1.549500] (r_gator_teleop) StderrLine: {'line': b'  File "/usr/lib/python3/dist-packages/catkin_pkg/package.py", line 612, in parse_package_string\n'}
[1.549582] (r_gator_teleop) StderrLine: {'line': b"    raise InvalidPackage('The manifest contains invalid XML:\\n%s' % ex, filename)\n"}
[1.549678] (r_gator_teleop) StderrLine: {'line': b"catkin_pkg.package.InvalidPackage: Error(s) in package '/home/samee/ros2ws/src/r_gator_teleop/package.xml':\n"}
[1.549765] (r_gator_teleop) StderrLine: {'line': b'The manifest contains invalid XML:\n'}
[1.549843] (r_gator_teleop) StderrLine: {'line': b'mismatched tag: line 64, column 2\n'}
[1.581860] (r_gator_teleop) StderrLine: {'line': b'\x1b[31mCMake Error at /opt/ros/humble/share/ament_cmake_core/cmake/core/ament_package_xml.cmake:95 (message):\n'}
[1.582170] (r_gator_teleop) StderrLine: {'line': b'  execute_process(/usr/bin/python3.10\n'}
[1.582295] (r_gator_teleop) StderrLine: {'line': b'  /opt/ros/humble/share/ament_cmake_core/cmake/core/package_xml_2_cmake.py\n'}
[1.582384] (r_gator_teleop) StderrLine: {'line': b'  /home/samee/ros2ws/src/r_gator_teleop/package.xml\n'}
[1.582467] (r_gator_teleop) StderrLine: {'line': b'  /home/samee/ros2ws/build/r_gator_teleop/ament_cmake_core/package.cmake)\n'}
[1.582546] (r_gator_teleop) StderrLine: {'line': b'  returned error code 1\n'}
[1.582624] (r_gator_teleop) StderrLine: {'line': b'Call Stack (most recent call first):\n'}
[1.582714] (r_gator_teleop) StderrLine: {'line': b'  /opt/ros/humble/share/ament_cmake_core/cmake/core/ament_package_xml.cmake:49 (_ament_package_xml)\n'}
[1.582806] (r_gator_teleop) StderrLine: {'line': b'  /opt/ros/humble/share/ament_cmake_core/cmake/core/ament_package.cmake:63 (ament_package_xml)\n'}
[1.582884] (r_gator_teleop) StderrLine: {'line': b'  CMakeLists.txt:28 (ament_package)\n'}
[1.582960] (r_gator_teleop) StderrLine: {'line': b'\n'}
[1.583037] (r_gator_teleop) StderrLine: {'line': b'\x1b[0m\n'}
[1.583113] (r_gator_teleop) StdoutLine: {'line': b'-- Configuring incomplete, errors occurred!\n'}
[1.600151] (r_gator_teleop) StderrLine: {'line': b'gmake: *** [Makefile:267: cmake_check_build_system] Error 1\n'}
[1.602041] (r_gator_teleop) CommandEnded: {'returncode': 2}
[1.602742] (r_gator_teleop) JobEnded: {'identifier': 'r_gator_teleop', 'rc': 2}
[1.603259] (-) TimerEvent: {}
[1.612960] (-) EventReactorShutdown: {}
